{"level":"info","message":"User signed up successfully","timestamp":"2025-05-16T15:50:51.638Z","username":"admin"}
{"level":"info","message":"User logged in successfully","timestamp":"2025-05-16T15:50:59.140Z","username":"admin"}
{"level":"info","message":"User logged in successfully","timestamp":"2025-05-16T15:53:31.115Z","username":"admin"}
{"level":"info","message":"Access token retrieved successfully","timestamp":"2025-05-16T15:53:31.130Z"}
{"level":"info","message":"User logged in successfully","timestamp":"2025-05-17T18:34:05.232Z","username":"admin"}
{"level":"info","message":"Access token retrieved successfully","timestamp":"2025-05-17T18:34:05.247Z"}
{"level":"info","message":"User logged in successfully","timestamp":"2025-05-17T18:36:43.380Z","username":"admin"}
{"level":"info","message":"Access token retrieved successfully","timestamp":"2025-05-17T18:36:45.309Z"}
{"level":"info","message":"User logged in successfully","timestamp":"2025-05-17T19:34:16.969Z","username":"admin"}
{"level":"info","message":"Access token retrieved successfully","timestamp":"2025-05-17T19:34:18.898Z"}
{"level":"info","message":"User logged in successfully","timestamp":"2025-05-18T16:06:17.238Z","username":"admin"}
{"level":"info","message":"Access token retrieved successfully","timestamp":"2025-05-18T16:06:19.157Z"}
{"level":"info","message":"User logged in successfully","timestamp":"2025-05-18T16:06:40.081Z","username":"admin"}
{"level":"info","message":"Access token retrieved successfully","timestamp":"2025-05-18T16:06:42.005Z"}
{"level":"info","message":"User logged in successfully","timestamp":"2025-05-18T16:07:28.927Z","username":"admin"}
{"level":"info","message":"Access token retrieved successfully","timestamp":"2025-05-18T16:07:30.854Z"}
{"level":"info","message":"User logged in successfully","timestamp":"2025-05-19T15:08:41.011Z","username":"admin"}
{"level":"info","message":"Access token retrieved successfully","timestamp":"2025-05-19T15:08:41.024Z"}
{"level":"info","message":"User logged in successfully","timestamp":"2025-05-19T15:10:50.520Z","username":"admin"}
{"level":"info","message":"Access token retrieved successfully","timestamp":"2025-05-19T15:10:50.531Z"}
{"level":"error","message":"Error in generateAccessToken: Invalid URL","timestamp":"2025-05-19T15:11:37.564Z"}
{"level":"info","message":"User logged in successfully","timestamp":"2025-05-19T15:19:55.246Z","username":"admin"}
{"level":"info","message":"Access token retrieved successfully","timestamp":"2025-05-19T15:19:55.261Z"}
{"level":"error","message":"Error in generateAccessToken: Request failed with status code 401","timestamp":"2025-05-19T15:20:07.509Z"}
{"level":"info","message":"User logged in successfully","timestamp":"2025-05-19T15:21:13.131Z","username":"admin"}
{"level":"info","message":"Access token retrieved successfully","timestamp":"2025-05-19T15:21:13.146Z"}
{"level":"error","message":"Error in generateAccessToken: Request failed with status code 401","timestamp":"2025-05-19T15:21:23.224Z"}
{"level":"info","message":"User logged in successfully","timestamp":"2025-05-19T15:26:04.894Z","username":"admin"}
{"level":"info","message":"Access token retrieved successfully","timestamp":"2025-05-19T15:26:04.909Z"}
{"level":"error","message":"Error in generateAccessToken: Request failed with status code 401","timestamp":"2025-05-19T15:26:16.952Z"}
{"level":"info","message":"User logged in successfully","timestamp":"2025-05-19T15:26:58.047Z","username":"admin"}
{"level":"info","message":"Access token retrieved successfully","timestamp":"2025-05-19T15:26:58.060Z"}
{"level":"error","message":"Error in generateAccessToken: Request failed with status code 401","timestamp":"2025-05-19T15:27:11.871Z"}
{"level":"info","message":"User logged in successfully","timestamp":"2025-05-19T16:02:32.239Z","username":"admin"}
{"level":"info","message":"Access token retrieved successfully","timestamp":"2025-05-19T16:02:32.253Z"}
{"level":"error","message":"Error in generateAccessToken: value too long for type character varying(255)","timestamp":"2025-05-19T16:02:50.495Z"}
{"level":"error","message":"Error in generateAccessToken: Request failed with status code 401","timestamp":"2025-05-19T16:37:35.044Z"}
{"level":"info","message":"User logged in successfully","timestamp":"2025-05-19T16:37:41.931Z","username":"admin"}
{"level":"info","message":"Access token retrieved successfully","timestamp":"2025-05-19T16:37:41.944Z"}
{"level":"info","message":"Access token generated successfully","timestamp":"2025-05-19T16:37:54.774Z"}
{"level":"info","message":"User logged in successfully","timestamp":"2025-05-19T16:38:40.190Z","username":"admin"}
{"level":"info","message":"Access token retrieved successfully","timestamp":"2025-05-19T16:38:40.205Z"}
{"level":"info","message":"User logged in successfully","timestamp":"2025-05-19T16:39:12.869Z","username":"admin"}
{"level":"info","message":"Access token retrieved successfully","timestamp":"2025-05-19T16:39:12.882Z"}
{"level":"info","message":"User logged in successfully","timestamp":"2025-05-19T16:49:33.458Z","username":"admin"}
{"level":"info","message":"Access token retrieved successfully","timestamp":"2025-05-19T16:49:34.769Z"}
{"level":"info","message":"Access token generated successfully","timestamp":"2025-05-19T16:49:46.451Z"}
{"level":"info","message":"User logged in successfully","timestamp":"2025-05-19T16:50:03.989Z","username":"admin"}
{"level":"info","message":"Access token retrieved successfully","timestamp":"2025-05-19T16:50:04.692Z"}
{"level":"info","message":"User logged in successfully","timestamp":"2025-05-19T16:50:57.148Z","username":"admin"}
{"level":"info","message":"Access token retrieved successfully","timestamp":"2025-05-19T16:50:57.913Z"}
{"level":"info","message":"Access token generated successfully","timestamp":"2025-05-19T16:51:14.300Z"}
{"level":"info","message":"User logged in successfully","timestamp":"2025-05-19T16:57:31.768Z","username":"admin"}
{"level":"info","message":"Access token retrieved successfully","timestamp":"2025-05-19T16:57:31.783Z"}
{"level":"info","message":"Access token generated successfully","timestamp":"2025-05-19T16:57:43.198Z"}
{"level":"info","message":"User logged in successfully","timestamp":"2025-05-19T16:57:59.366Z","username":"admin"}
{"level":"info","message":"Access token retrieved successfully","timestamp":"2025-05-19T16:58:00.061Z"}
{"level":"info","message":"User logged in successfully","timestamp":"2025-05-19T16:58:08.137Z","username":"admin"}
{"level":"info","message":"Access token retrieved successfully","timestamp":"2025-05-19T16:58:08.825Z"}
{"level":"info","message":"User logged in successfully","timestamp":"2025-05-19T16:58:43.801Z","username":"admin"}
{"level":"info","message":"Access token retrieved successfully","timestamp":"2025-05-19T16:58:44.568Z"}
{"level":"info","message":"User logged in successfully","timestamp":"2025-05-19T16:58:58.141Z","username":"admin"}
{"level":"info","message":"Access token retrieved successfully","timestamp":"2025-05-19T16:59:01.023Z"}
{"level":"info","message":"User logged in successfully","timestamp":"2025-05-19T17:00:56.618Z","username":"admin"}
{"level":"info","message":"Access token retrieved successfully","timestamp":"2025-05-19T17:00:59.223Z"}
{"level":"info","message":"User logged in successfully","timestamp":"2025-05-19T17:01:20.247Z","username":"admin"}
{"level":"info","message":"Access token retrieved successfully","timestamp":"2025-05-19T17:01:22.867Z"}
{"level":"info","message":"User logged in successfully","timestamp":"2025-05-19T17:01:36.636Z","username":"admin"}
{"level":"info","message":"Access token retrieved successfully","timestamp":"2025-05-19T17:01:39.261Z"}
{"level":"info","message":"User logged in successfully","timestamp":"2025-05-19T17:01:56.495Z","username":"admin"}
{"level":"info","message":"Access token retrieved successfully","timestamp":"2025-05-19T17:01:59.544Z"}
{"level":"info","message":"User logged in successfully","timestamp":"2025-05-19T17:02:08.553Z","username":"admin"}
{"level":"info","message":"Access token retrieved successfully","timestamp":"2025-05-19T17:02:11.174Z"}
{"level":"info","message":"User logged in successfully","timestamp":"2025-05-19T17:02:30.061Z","username":"admin"}
{"level":"info","message":"User logged in successfully","timestamp":"2025-05-19T17:02:30.564Z","username":"admin"}
{"level":"info","message":"User logged in successfully","timestamp":"2025-05-19T17:02:30.623Z","username":"admin"}
{"level":"info","message":"User logged in successfully","timestamp":"2025-05-19T17:02:30.679Z","username":"admin"}
{"level":"info","message":"User logged in successfully","timestamp":"2025-05-19T17:02:30.769Z","username":"admin"}
{"level":"info","message":"User logged in successfully","timestamp":"2025-05-19T17:02:30.859Z","username":"admin"}
{"level":"info","message":"User logged in successfully","timestamp":"2025-05-19T17:02:32.091Z","username":"admin"}
{"level":"info","message":"User logged in successfully","timestamp":"2025-05-19T17:02:32.632Z","username":"admin"}
{"level":"info","message":"User logged in successfully","timestamp":"2025-05-19T17:02:32.688Z","username":"admin"}
{"level":"info","message":"User logged in successfully","timestamp":"2025-05-19T17:02:32.744Z","username":"admin"}
{"level":"info","message":"User logged in successfully","timestamp":"2025-05-19T17:02:32.810Z","username":"admin"}
{"level":"info","message":"User logged in successfully","timestamp":"2025-05-19T17:02:32.900Z","username":"admin"}
{"level":"info","message":"User logged in successfully","timestamp":"2025-05-19T17:02:34.133Z","username":"admin"}
{"level":"info","message":"User logged in successfully","timestamp":"2025-05-19T17:02:34.668Z","username":"admin"}
{"level":"info","message":"User logged in successfully","timestamp":"2025-05-19T17:02:34.725Z","username":"admin"}
{"level":"info","message":"User logged in successfully","timestamp":"2025-05-19T17:02:34.780Z","username":"admin"}
{"level":"info","message":"User logged in successfully","timestamp":"2025-05-19T17:02:34.848Z","username":"admin"}
{"level":"info","message":"User logged in successfully","timestamp":"2025-05-19T17:02:34.943Z","username":"admin"}
{"level":"info","message":"User logged in successfully","timestamp":"2025-05-19T17:02:36.178Z","username":"admin"}
{"level":"info","message":"Access token retrieved successfully","timestamp":"2025-05-19T17:02:37.319Z"}
